[ 1 2 3 ]
1
[ 2 3 ]
[ 1 2 3 ]
[ hello hi chomp ]
[ hello hi chomp ]
hello
[ hi chomp ]
[ no hello hi chomp ]
[ a b c ]
[ 0 1 ]
