0011
00010101
0000000111100010
94622
01010101
0000010111100010
356766
1110001011100010
14840222
