[ ]
[ ]
[ ]
[ hi ]
[ hi hi ]
[ hi hi hi ]
[ hi hi hi hi ]
[ hi hi hi hi hi ]
[ hi hi hi hi hi hi ]
[ hi hi hi hi hi hi hi ]
[ hi hi hi hi hi hi hi hi ]
[ hi hi hi hi hi hi hi hi hi ]
[ hi hi hi hi hi hi hi hi hi hi ]
[ hi hi hi hi hi hi hi hi hi hi ]
[ 1 ]
[ 1 1 ]
[ 1 1 1 ]
[ 1 1 1 1 ]
[ 1 1 1 1 1 ]
[ 1 1 1 1 1 1 ]
[ 1 1 1 1 1 1 1 ]
[ 1 1 1 1 1 1 1 1 ]
[ 1 1 1 1 1 1 1 1 1 ]
[ 1 1 1 1 1 1 1 1 1 1 ]
[ 1 1 1 1 1 1 1 1 1 1 ]
[ ]
[ ]
