hello                           
hello
hello
hello
hello
25