a
0
hey
1010101010101010
4
[ 1 2 3 4 ]
[ hi hello bye ]
[ 1 0 1 ]
[ a b c ]
[ 1 0 1 ]
[ ]
