greater
greater yes
greater
greater no
less
less yes
less
less no
greater
greater no
