1
0001
00000001
0000000000000001
1
1
0101
00000101
0000000000000101
5
1
0001
01100001
0000000001100001
a
0
1010
10101010
1010101010101010
