11ahello[ 1 2 3 ]001010110111110101010100011111
1
a
hello
[ 1 2 3 ]
0
0101
01101111
1010101010001111
