[ 5 5 5 1 2 3 4 ]               
[ bye bye bye bye bye hi hello ]
1111
[ a a a a a a a a a a a ]