int i = 123;
char a = 'a';
bool b = true;
bool c = false;
list nibble l = [];
list int m = [1, 2, 3];
list list bool bb = [[true, false], [true, false]];
nibble n = {{0101}};

int func()
{
i = 4;
var bit one = {{1}};
}
