
int call2()
{
var list int lst = [1, 2];
return first(lst);
}

void call(arith)
{
var int d = arith(5, 3);
}

list int rest(lst)
{
return cdrlst;
}

int first(lst)
{
return carlst;
}

list int concat(lst, i)
{
return i :: lst;
}

void noBody()
{
}

bool arith(a, b)
{
c = a > b;
if (c == true)
{
var int d = a - b;
return c;
}
var int d = b - a;
return d;
}
