
void main()
{
var int i = 0;
for ( ; i < 5 ; ) {
print i;
i = i + 1;
}
for (i = 0 ; i < 5 ; i = i + 1) {
if (i / 2 == 0)
{
print i;
}
}
var int i = 5;
while (i > 0) {
i = i - 1;
}
}
